Component: ARM Compiler 5.06 update 6 (build 750) Tool: armlink [4d35ed]

==============================================================================

Section Cross References

    latency.o(.text) refers to gpio_lpc17xx.o(.text) for GPIO_PinWrite
    latency.o(.text) refers to pin_lpc17xx.o(.text) for PIN_Configure
    startup_lpc17xx.o(RESET) refers to startup_lpc17xx.o(STACK) for __initial_sp
    startup_lpc17xx.o(RESET) refers to startup_lpc17xx.o(.text) for Reset_Handler
    startup_lpc17xx.o(RESET) refers to latency.o(.text) for EINT3_IRQHandler
    startup_lpc17xx.o(.text) refers to system_lpc17xx.o(.text) for SystemInit
    startup_lpc17xx.o(.text) refers to entry.o(.ARM.Collect$$$$00000000) for __main
    system_lpc17xx.o(.text) refers to uldiv.o(.text) for __aeabi_uldivmod
    system_lpc17xx.o(.text) refers to system_lpc17xx.o(.data) for SystemCoreClock
    entry.o(.ARM.Collect$$$$00000000) refers (Special) to entry10a.o(.ARM.Collect$$$$0000000D) for __rt_final_cpp
    entry.o(.ARM.Collect$$$$00000000) refers (Special) to entry11a.o(.ARM.Collect$$$$0000000F) for __rt_final_exit
    entry.o(.ARM.Collect$$$$00000000) refers (Special) to entry7b.o(.ARM.Collect$$$$00000008) for _main_clock
    entry.o(.ARM.Collect$$$$00000000) refers (Special) to entry8b.o(.ARM.Collect$$$$0000000A) for _main_cpp_init
    entry.o(.ARM.Collect$$$$00000000) refers (Special) to entry9a.o(.ARM.Collect$$$$0000000B) for _main_init
    entry.o(.ARM.Collect$$$$00000000) refers (Special) to entry5.o(.ARM.Collect$$$$00000004) for _main_scatterload
    entry.o(.ARM.Collect$$$$00000000) refers (Special) to entry2.o(.ARM.Collect$$$$00000001) for _main_stk
    uldiv.o(.text) refers to llushr.o(.text) for __aeabi_llsr
    uldiv.o(.text) refers to llshl.o(.text) for __aeabi_llsl
    entry2.o(.ARM.Collect$$$$00000001) refers to entry2.o(.ARM.Collect$$$$00002712) for __lit__00000000
    entry2.o(.ARM.Collect$$$$00002712) refers to startup_lpc17xx.o(STACK) for __initial_sp
    entry2.o(__vectab_stack_and_reset_area) refers to startup_lpc17xx.o(STACK) for __initial_sp
    entry2.o(__vectab_stack_and_reset_area) refers to entry.o(.ARM.Collect$$$$00000000) for __main
    entry5.o(.ARM.Collect$$$$00000004) refers to init.o(.text) for __scatterload
    entry9a.o(.ARM.Collect$$$$0000000B) refers to latency.o(.text) for main
    entry9b.o(.ARM.Collect$$$$0000000C) refers to latency.o(.text) for main
    init.o(.text) refers to entry5.o(.ARM.Collect$$$$00000004) for __main_after_scatterload


==============================================================================

Removing Unused input sections from the image.

    Removing latency.o(.rev16_text), (4 bytes).
    Removing latency.o(.revsh_text), (4 bytes).
    Removing latency.o(.rrx_text), (6 bytes).
    Removing gpio_lpc17xx.o(.rev16_text), (4 bytes).
    Removing gpio_lpc17xx.o(.revsh_text), (4 bytes).
    Removing gpio_lpc17xx.o(.rrx_text), (6 bytes).
    Removing pin_lpc17xx.o(.rev16_text), (4 bytes).
    Removing pin_lpc17xx.o(.revsh_text), (4 bytes).
    Removing pin_lpc17xx.o(.rrx_text), (6 bytes).
    Removing startup_lpc17xx.o(HEAP), (0 bytes).
    Removing system_lpc17xx.o(.rev16_text), (4 bytes).
    Removing system_lpc17xx.o(.revsh_text), (4 bytes).
    Removing system_lpc17xx.o(.rrx_text), (6 bytes).

13 unused section(s) (total 56 bytes) removed from the image.

==============================================================================

Image Symbol Table

    Local Symbols

    Symbol Name                              Value     Ov Type        Size  Object(Section)

    RESET                                    0x00000000   Section      204  startup_lpc17xx.o(RESET)
    ../clib/microlib/division.c              0x00000000   Number         0  uldiv.o ABSOLUTE
    ../clib/microlib/init/entry.s            0x00000000   Number         0  entry8b.o ABSOLUTE
    ../clib/microlib/init/entry.s            0x00000000   Number         0  entry2.o ABSOLUTE
    ../clib/microlib/init/entry.s            0x00000000   Number         0  entry5.o ABSOLUTE
    ../clib/microlib/init/entry.s            0x00000000   Number         0  entry8a.o ABSOLUTE
    ../clib/microlib/init/entry.s            0x00000000   Number         0  entry7b.o ABSOLUTE
    ../clib/microlib/init/entry.s            0x00000000   Number         0  entry7a.o ABSOLUTE
    ../clib/microlib/init/entry.s            0x00000000   Number         0  entry11b.o ABSOLUTE
    ../clib/microlib/init/entry.s            0x00000000   Number         0  entry11a.o ABSOLUTE
    ../clib/microlib/init/entry.s            0x00000000   Number         0  entry10b.o ABSOLUTE
    ../clib/microlib/init/entry.s            0x00000000   Number         0  entry10a.o ABSOLUTE
    ../clib/microlib/init/entry.s            0x00000000   Number         0  entry.o ABSOLUTE
    ../clib/microlib/init/entry.s            0x00000000   Number         0  entry9b.o ABSOLUTE
    ../clib/microlib/init/entry.s            0x00000000   Number         0  entry9a.o ABSOLUTE
    ../clib/microlib/longlong.c              0x00000000   Number         0  llushr.o ABSOLUTE
    ../clib/microlib/longlong.c              0x00000000   Number         0  llshl.o ABSOLUTE
    C:\Users\crisa\AppData\Local\Arm\Packs\Keil\LPC1700_DFP\2.6.0\RTE_Driver\GPIO_LPC17xx.c 0x00000000   Number         0  gpio_lpc17xx.o ABSOLUTE
    C:\Users\crisa\AppData\Local\Arm\Packs\Keil\LPC1700_DFP\2.6.0\RTE_Driver\PIN_LPC17xx.c 0x00000000   Number         0  pin_lpc17xx.o ABSOLUTE
    C:\\Users\\crisa\\AppData\\Local\\Arm\\Packs\\Keil\\LPC1700_DFP\\2.6.0\\RTE_Driver\\GPIO_LPC17xx.c 0x00000000   Number         0  gpio_lpc17xx.o ABSOLUTE
    C:\\Users\\crisa\\AppData\\Local\\Arm\\Packs\\Keil\\LPC1700_DFP\\2.6.0\\RTE_Driver\\PIN_LPC17xx.c 0x00000000   Number         0  pin_lpc17xx.o ABSOLUTE
    Latency.c                                0x00000000   Number         0  latency.o ABSOLUTE
    Latency.c                                0x00000000   Number         0  latency.o ABSOLUTE
    RTE\Device\LPC1768\startup_LPC17xx.s     0x00000000   Number         0  startup_lpc17xx.o ABSOLUTE
    RTE\Device\LPC1768\system_LPC17xx.c      0x00000000   Number         0  system_lpc17xx.o ABSOLUTE
    RTE\\Device\\LPC1768\\system_LPC17xx.c   0x00000000   Number         0  system_lpc17xx.o ABSOLUTE
    dc.s                                     0x00000000   Number         0  dc.o ABSOLUTE
    handlers.s                               0x00000000   Number         0  handlers.o ABSOLUTE
    init.s                                   0x00000000   Number         0  init.o ABSOLUTE
    .ARM.Collect$$$$00000000                 0x000000cc   Section        0  entry.o(.ARM.Collect$$$$00000000)
    .ARM.Collect$$$$00000001                 0x000000cc   Section        4  entry2.o(.ARM.Collect$$$$00000001)
    .ARM.Collect$$$$00000004                 0x000000d0   Section        4  entry5.o(.ARM.Collect$$$$00000004)
    .ARM.Collect$$$$00000008                 0x000000d4   Section        0  entry7b.o(.ARM.Collect$$$$00000008)
    .ARM.Collect$$$$0000000A                 0x000000d4   Section        0  entry8b.o(.ARM.Collect$$$$0000000A)
    .ARM.Collect$$$$0000000B                 0x000000d4   Section        8  entry9a.o(.ARM.Collect$$$$0000000B)
    .ARM.Collect$$$$0000000D                 0x000000dc   Section        0  entry10a.o(.ARM.Collect$$$$0000000D)
    .ARM.Collect$$$$0000000F                 0x000000dc   Section        0  entry11a.o(.ARM.Collect$$$$0000000F)
    .ARM.Collect$$$$00002712                 0x000000dc   Section        4  entry2.o(.ARM.Collect$$$$00002712)
    __lit__00000000                          0x000000dc   Data           4  entry2.o(.ARM.Collect$$$$00002712)
    .text                                    0x000000e0   Section        0  latency.o(.text)
    .text                                    0x00000184   Section        0  gpio_lpc17xx.o(.text)
    .text                                    0x00000250   Section       36  startup_lpc17xx.o(.text)
    .text                                    0x00000274   Section        0  uldiv.o(.text)
    .text                                    0x000002d6   Section        0  llshl.o(.text)
    i.__scatterload_null                     0x000002f4   Section        2  handlers.o(i.__scatterload_null)
    .ARM.__at_0x02FC                         0x000002fc   Section        4  startup_lpc17xx.o(.ARM.__at_0x02FC)
    .text                                    0x00000300   Section        0  pin_lpc17xx.o(.text)
    .text                                    0x0000043c   Section        0  system_lpc17xx.o(.text)
    .text                                    0x0000072c   Section        0  llushr.o(.text)
    .text                                    0x0000074c   Section       36  init.o(.text)
    i.__scatterload_copy                     0x00000770   Section       14  handlers.o(i.__scatterload_copy)
    i.__scatterload_zeroinit                 0x0000077e   Section       14  handlers.o(i.__scatterload_zeroinit)
    .data                                    0x10000000   Section        4  system_lpc17xx.o(.data)
    STACK                                    0x10000008   Section      512  startup_lpc17xx.o(STACK)

    Global Symbols

    Symbol Name                              Value     Ov Type        Size  Object(Section)

    BuildAttributes$$THM_ISAv4$P$D$K$B$S$PE$A:L22UL41UL21$X:L11$S22US41US21$IEEE1$IW$USESV6$~STKCKD$USESV7$~SHL$OSPACE$EBA8$MICROLIB$REQ8$PRES8$EABIv2 0x00000000   Number         0  anon$$obj.o ABSOLUTE
    __ARM_use_no_argv                        0x00000000   Number         0  latency.o ABSOLUTE
    __Vectors                                0x00000000   Data           4  startup_lpc17xx.o(RESET)
    __cpp_initialize__aeabi_                  - Undefined Weak Reference
    __cxa_finalize                            - Undefined Weak Reference
    __decompress                              - Undefined Weak Reference
    _clock_init                               - Undefined Weak Reference
    _microlib_exit                            - Undefined Weak Reference
    __main                                   0x000000cd   Thumb Code     0  entry.o(.ARM.Collect$$$$00000000)
    _main_stk                                0x000000cd   Thumb Code     0  entry2.o(.ARM.Collect$$$$00000001)
    _main_scatterload                        0x000000d1   Thumb Code     0  entry5.o(.ARM.Collect$$$$00000004)
    __main_after_scatterload                 0x000000d5   Thumb Code     0  entry5.o(.ARM.Collect$$$$00000004)
    _main_clock                              0x000000d5   Thumb Code     0  entry7b.o(.ARM.Collect$$$$00000008)
    _main_cpp_init                           0x000000d5   Thumb Code     0  entry8b.o(.ARM.Collect$$$$0000000A)
    _main_init                               0x000000d5   Thumb Code     0  entry9a.o(.ARM.Collect$$$$0000000B)
    __rt_final_cpp                           0x000000dd   Thumb Code     0  entry10a.o(.ARM.Collect$$$$0000000D)
    __rt_final_exit                          0x000000dd   Thumb Code     0  entry11a.o(.ARM.Collect$$$$0000000F)
    EINT3_IRQHandler                         0x000000e1   Thumb Code    52  latency.o(.text)
    initGenerador                            0x00000115   Thumb Code    56  latency.o(.text)
    initPin                                  0x0000014d   Thumb Code    38  latency.o(.text)
    main                                     0x00000173   Thumb Code    12  latency.o(.text)
    GPIO_PortClock                           0x00000185   Thumb Code    38  gpio_lpc17xx.o(.text)
    GPIO_SetDir                              0x000001ab   Thumb Code    52  gpio_lpc17xx.o(.text)
    GPIO_PinWrite                            0x000001df   Thumb Code    36  gpio_lpc17xx.o(.text)
    GPIO_PinRead                             0x00000203   Thumb Code    28  gpio_lpc17xx.o(.text)
    GPIO_PortWrite                           0x0000021f   Thumb Code    26  gpio_lpc17xx.o(.text)
    GPIO_PortRead                            0x00000239   Thumb Code    14  gpio_lpc17xx.o(.text)
    Reset_Handler                            0x00000251   Thumb Code     8  startup_lpc17xx.o(.text)
    NMI_Handler                              0x00000259   Thumb Code     2  startup_lpc17xx.o(.text)
    HardFault_Handler                        0x0000025b   Thumb Code     2  startup_lpc17xx.o(.text)
    MemManage_Handler                        0x0000025d   Thumb Code     2  startup_lpc17xx.o(.text)
    BusFault_Handler                         0x0000025f   Thumb Code     2  startup_lpc17xx.o(.text)
    UsageFault_Handler                       0x00000261   Thumb Code     2  startup_lpc17xx.o(.text)
    SVC_Handler                              0x00000263   Thumb Code     2  startup_lpc17xx.o(.text)
    DebugMon_Handler                         0x00000265   Thumb Code     2  startup_lpc17xx.o(.text)
    PendSV_Handler                           0x00000267   Thumb Code     2  startup_lpc17xx.o(.text)
    SysTick_Handler                          0x00000269   Thumb Code     2  startup_lpc17xx.o(.text)
    ADC_IRQHandler                           0x0000026b   Thumb Code     0  startup_lpc17xx.o(.text)
    BOD_IRQHandler                           0x0000026b   Thumb Code     0  startup_lpc17xx.o(.text)
    CANActivity_IRQHandler                   0x0000026b   Thumb Code     0  startup_lpc17xx.o(.text)
    CAN_IRQHandler                           0x0000026b   Thumb Code     0  startup_lpc17xx.o(.text)
    DMA_IRQHandler                           0x0000026b   Thumb Code     0  startup_lpc17xx.o(.text)
    EINT0_IRQHandler                         0x0000026b   Thumb Code     0  startup_lpc17xx.o(.text)
    EINT1_IRQHandler                         0x0000026b   Thumb Code     0  startup_lpc17xx.o(.text)
    EINT2_IRQHandler                         0x0000026b   Thumb Code     0  startup_lpc17xx.o(.text)
    ENET_IRQHandler                          0x0000026b   Thumb Code     0  startup_lpc17xx.o(.text)
    I2C0_IRQHandler                          0x0000026b   Thumb Code     0  startup_lpc17xx.o(.text)
    I2C1_IRQHandler                          0x0000026b   Thumb Code     0  startup_lpc17xx.o(.text)
    I2C2_IRQHandler                          0x0000026b   Thumb Code     0  startup_lpc17xx.o(.text)
    I2S_IRQHandler                           0x0000026b   Thumb Code     0  startup_lpc17xx.o(.text)
    MCPWM_IRQHandler                         0x0000026b   Thumb Code     0  startup_lpc17xx.o(.text)
    PLL0_IRQHandler                          0x0000026b   Thumb Code     0  startup_lpc17xx.o(.text)
    PLL1_IRQHandler                          0x0000026b   Thumb Code     0  startup_lpc17xx.o(.text)
    PWM1_IRQHandler                          0x0000026b   Thumb Code     0  startup_lpc17xx.o(.text)
    QEI_IRQHandler                           0x0000026b   Thumb Code     0  startup_lpc17xx.o(.text)
    RIT_IRQHandler                           0x0000026b   Thumb Code     0  startup_lpc17xx.o(.text)
    RTC_IRQHandler                           0x0000026b   Thumb Code     0  startup_lpc17xx.o(.text)
    SPI_IRQHandler                           0x0000026b   Thumb Code     0  startup_lpc17xx.o(.text)
    SSP0_IRQHandler                          0x0000026b   Thumb Code     0  startup_lpc17xx.o(.text)
    SSP1_IRQHandler                          0x0000026b   Thumb Code     0  startup_lpc17xx.o(.text)
    TIMER0_IRQHandler                        0x0000026b   Thumb Code     0  startup_lpc17xx.o(.text)
    TIMER1_IRQHandler                        0x0000026b   Thumb Code     0  startup_lpc17xx.o(.text)
    TIMER2_IRQHandler                        0x0000026b   Thumb Code     0  startup_lpc17xx.o(.text)
    TIMER3_IRQHandler                        0x0000026b   Thumb Code     0  startup_lpc17xx.o(.text)
    UART0_IRQHandler                         0x0000026b   Thumb Code     0  startup_lpc17xx.o(.text)
    UART1_IRQHandler                         0x0000026b   Thumb Code     0  startup_lpc17xx.o(.text)
    UART2_IRQHandler                         0x0000026b   Thumb Code     0  startup_lpc17xx.o(.text)
    UART3_IRQHandler                         0x0000026b   Thumb Code     0  startup_lpc17xx.o(.text)
    USBActivity_IRQHandler                   0x0000026b   Thumb Code     0  startup_lpc17xx.o(.text)
    USB_IRQHandler                           0x0000026b   Thumb Code     0  startup_lpc17xx.o(.text)
    WDT_IRQHandler                           0x0000026b   Thumb Code     0  startup_lpc17xx.o(.text)
    __aeabi_uldivmod                         0x00000275   Thumb Code    98  uldiv.o(.text)
    __aeabi_llsl                             0x000002d7   Thumb Code    30  llshl.o(.text)
    _ll_shift_l                              0x000002d7   Thumb Code     0  llshl.o(.text)
    __scatterload_null                       0x000002f5   Thumb Code     2  handlers.o(i.__scatterload_null)
    PIN_Configure                            0x00000301   Thumb Code   246  pin_lpc17xx.o(.text)
    PIN_ConfigureTPIU                        0x000003f7   Thumb Code    36  pin_lpc17xx.o(.text)
    PIN_ConfigureI2C0Pins                    0x0000041b   Thumb Code    28  pin_lpc17xx.o(.text)
    SystemCoreClockUpdate                    0x0000043d   Thumb Code   408  system_lpc17xx.o(.text)
    SystemInit                               0x000005d5   Thumb Code   314  system_lpc17xx.o(.text)
    __aeabi_llsr                             0x0000072d   Thumb Code    32  llushr.o(.text)
    _ll_ushift_r                             0x0000072d   Thumb Code     0  llushr.o(.text)
    __scatterload                            0x0000074d   Thumb Code    28  init.o(.text)
    __scatterload_rt2                        0x0000074d   Thumb Code     0  init.o(.text)
    __scatterload_copy                       0x00000771   Thumb Code    14  handlers.o(i.__scatterload_copy)
    __scatterload_zeroinit                   0x0000077f   Thumb Code    14  handlers.o(i.__scatterload_zeroinit)
    Region$$Table$$Base                      0x0000078c   Number         0  anon$$obj.o(Region$$Table)
    Region$$Table$$Limit                     0x000007ac   Number         0  anon$$obj.o(Region$$Table)
    SystemCoreClock                          0x10000000   Data           4  system_lpc17xx.o(.data)
    __initial_sp                             0x10000208   Data           0  startup_lpc17xx.o(STACK)



==============================================================================

Memory Map of the image

  Image Entry point : 0x000000cd

  Load Region LR_IROM1 (Base: 0x00000000, Size: 0x000007b0, Max: 0x00080000, ABSOLUTE)

    Execution Region ER_IROM1 (Exec base: 0x00000000, Load base: 0x00000000, Size: 0x000007ac, Max: 0x00080000, ABSOLUTE)

    Exec Addr    Load Addr    Size         Type   Attr      Idx    E Section Name        Object

    0x00000000   0x00000000   0x000000cc   Data   RO          117    RESET               startup_lpc17xx.o
    0x000000cc   0x000000cc   0x00000000   Code   RO          155  * .ARM.Collect$$$$00000000  mc_w.l(entry.o)
    0x000000cc   0x000000cc   0x00000004   Code   RO          160    .ARM.Collect$$$$00000001  mc_w.l(entry2.o)
    0x000000d0   0x000000d0   0x00000004   Code   RO          163    .ARM.Collect$$$$00000004  mc_w.l(entry5.o)
    0x000000d4   0x000000d4   0x00000000   Code   RO          165    .ARM.Collect$$$$00000008  mc_w.l(entry7b.o)
    0x000000d4   0x000000d4   0x00000000   Code   RO          167    .ARM.Collect$$$$0000000A  mc_w.l(entry8b.o)
    0x000000d4   0x000000d4   0x00000008   Code   RO          168    .ARM.Collect$$$$0000000B  mc_w.l(entry9a.o)
    0x000000dc   0x000000dc   0x00000000   Code   RO          170    .ARM.Collect$$$$0000000D  mc_w.l(entry10a.o)
    0x000000dc   0x000000dc   0x00000000   Code   RO          172    .ARM.Collect$$$$0000000F  mc_w.l(entry11a.o)
    0x000000dc   0x000000dc   0x00000004   Code   RO          161    .ARM.Collect$$$$00002712  mc_w.l(entry2.o)
    0x000000e0   0x000000e0   0x000000a4   Code   RO            4    .text               latency.o
    0x00000184   0x00000184   0x000000cc   Code   RO           66    .text               gpio_lpc17xx.o
    0x00000250   0x00000250   0x00000024   Code   RO          119    .text               startup_lpc17xx.o
    0x00000274   0x00000274   0x00000062   Code   RO          158    .text               mc_w.l(uldiv.o)
    0x000002d6   0x000002d6   0x0000001e   Code   RO          174    .text               mc_w.l(llshl.o)
    0x000002f4   0x000002f4   0x00000002   Code   RO          183    i.__scatterload_null  mc_w.l(handlers.o)
    0x000002f6   0x000002f6   0x00000006   PAD
    0x000002fc   0x000002fc   0x00000004   Code   RO          118    .ARM.__at_0x02FC    startup_lpc17xx.o
    0x00000300   0x00000300   0x0000013c   Code   RO           94    .text               pin_lpc17xx.o
    0x0000043c   0x0000043c   0x000002f0   Code   RO          128    .text               system_lpc17xx.o
    0x0000072c   0x0000072c   0x00000020   Code   RO          176    .text               mc_w.l(llushr.o)
    0x0000074c   0x0000074c   0x00000024   Code   RO          178    .text               mc_w.l(init.o)
    0x00000770   0x00000770   0x0000000e   Code   RO          182    i.__scatterload_copy  mc_w.l(handlers.o)
    0x0000077e   0x0000077e   0x0000000e   Code   RO          184    i.__scatterload_zeroinit  mc_w.l(handlers.o)
    0x0000078c   0x0000078c   0x00000020   Data   RO          180    Region$$Table       anon$$obj.o


    Execution Region RW_IRAM1 (Exec base: 0x10000000, Load base: 0x000007ac, Size: 0x00000208, Max: 0x00008000, ABSOLUTE)

    Exec Addr    Load Addr    Size         Type   Attr      Idx    E Section Name        Object

    0x10000000   0x000007ac   0x00000004   Data   RW          129    .data               system_lpc17xx.o
    0x10000004   0x000007b0   0x00000004   PAD
    0x10000008        -       0x00000200   Zero   RW          115    STACK               startup_lpc17xx.o


==============================================================================

Image component sizes


      Code (inc. data)   RO Data    RW Data    ZI Data      Debug   Object Name

       204         10          0          0          0       1721   gpio_lpc17xx.o
       164          6          0          0          0      48841   latency.o
       316          6          0          0          0       1388   pin_lpc17xx.o
        40         12        204          0        512       1124   startup_lpc17xx.o
       752         30          0          4          0       1209   system_lpc17xx.o

    ----------------------------------------------------------------------
      1476         64        236          4        516      54283   Object Totals
         0          0         32          0          0          0   (incl. Generated)
         0          0          0          0          4          0   (incl. Padding)

    ----------------------------------------------------------------------

      Code (inc. data)   RO Data    RW Data    ZI Data      Debug   Library Member Name

         0          0          0          0          0          0   entry.o
         0          0          0          0          0          0   entry10a.o
         0          0          0          0          0          0   entry11a.o
         8          4          0          0          0          0   entry2.o
         4          0          0          0          0          0   entry5.o
         0          0          0          0          0          0   entry7b.o
         0          0          0          0          0          0   entry8b.o
         8          4          0          0          0          0   entry9a.o
        30          0          0          0          0          0   handlers.o
        36          8          0          0          0         68   init.o
        30          0          0          0          0         68   llshl.o
        32          0          0          0          0         68   llushr.o
        98          0          0          0          0         92   uldiv.o

    ----------------------------------------------------------------------
       252         16          0          0          0        296   Library Totals
         6          0          0          0          0          0   (incl. Padding)

    ----------------------------------------------------------------------

      Code (inc. data)   RO Data    RW Data    ZI Data      Debug   Library Name

       246         16          0          0          0        296   mc_w.l

    ----------------------------------------------------------------------
       252         16          0          0          0        296   Library Totals

    ----------------------------------------------------------------------

==============================================================================


      Code (inc. data)   RO Data    RW Data    ZI Data      Debug   

      1728         80        236          4        516      54419   Grand Totals
      1728         80        236          4        516      54419   ELF Image Totals
      1728         80        236          4          0          0   ROM Totals

==============================================================================

    Total RO  Size (Code + RO Data)                 1964 (   1.92kB)
    Total RW  Size (RW Data + ZI Data)               520 (   0.51kB)
    Total ROM Size (Code + RO Data + RW Data)       1968 (   1.92kB)

==============================================================================

